
There are no discarded input sections

Memory Configuration

Name             Origin             Length             Attributes
FLASH            0x08008000         0x00078000         xr
SRAM             0x20000000         0x00020000         xrw
*default*        0x00000000         0xffffffff

Linker script and memory map

LOAD object/kmath.o
LOAD object/kfloat.o
LOAD object/cm4.o
LOAD object/mcu_info.o
LOAD object/kstring.o
LOAD object/kmain.o
LOAD object/stm32_startup.o
LOAD object/sys_clock.o
LOAD object/sys_usart.o
LOAD object/sys_gpio.o
LOAD object/kstdio.o
LOAD object/sys_init.o
LOAD object/unistd.o
LOAD object/times.o
LOAD object/serial_lin.o
LOAD object/UsartRingBuffer.o
LOAD object/debug.o
LOAD object/timer.o
LOAD object/sys_err.o
LOAD object/sys_rtc.o

.text           0x08008000     0x4830
                0x08008000                        _stext = .
 *(.isr_vector)
 .isr_vector    0x08008000      0x1c4 object/stm32_startup.o
                0x08008000                NVIC_VECTOR
 *(.text)
 .text          0x080081c4       0x4e object/kmath.o
                0x080081c4                __pow
 *fill*         0x08008212        0x2 
 .text          0x08008214      0xed4 object/kfloat.o
                0x08008214                __aeabi_f2d
                0x080082da                __aeabi_d2f
                0x08008362                __aeabi_d2iz
                0x080083f2                __aeabi_d2i
                0x08008482                get_decimal_part
                0x0800856c                __aeabi_ui2d
                0x080085ec                __aeabi_d2uiz
                0x08008662                __aeabi_dsub
                0x08008922                __aeabi_dmul
                0x08008ad4                __aeabi_dadd
                0x08008d82                __aeabi_d2ulz
                0x08008e00                __aeabi_ddiv
                0x080090a8                __aeabi_dcmpeq
 .text          0x080090e8      0x348 object/cm4.o
                0x08009154                __SysTick_init
                0x080091d8                SysTickIntDisable
                0x080091f8                SysTickIntEnable
                0x08009218                __SysTick_enable
                0x08009244                __sysTick_disable
                0x08009270                __getSysTickCount
                0x08009288                __updateSysTick
                0x080092e0                __getTime
                0x08009314                __get__Second
                0x0800932c                __get__Minute
                0x08009344                __get__Hour
                0x0800935c                SysTick_Handler
                0x08009390                __enable_fpu
                0x080093b4                ms_delay
                0x080093de                getmsTick
                0x080093ec                wait_until
                0x0800941e                SYS_SLEEP_WFI
 .text          0x08009430      0x1a8 object/mcu_info.o
                0x08009430                show_system_info
                0x080094dc                store_product_id
                0x080095c4                get_product_id
 .text          0x080095d8      0x914 object/kstring.o
                0x080095d8                __str_to_num
                0x080096ba                __reverse_str
                0x08009718                __strlen
                0x08009746                convert
                0x080097c4                convertu32
                0x0800981c                float2str
                0x080098e8                str2float
                0x080099ea                kmemset
                0x08009a36                StrCat
                0x08009a80                strcopy
                0x08009aba                clear_str
                0x08009af8                strncopy
                0x08009b4a                strn4mcopy
                0x08009b98                byte_to_hex
                0x08009c0c                show_byte_hex_str
                0x08009c4c                show_byte_stream_hex
                0x08009c8c                strcomp
                0x08009cdc                strncopy_cmd
                0x08009d2a                uint16_to_str
                0x08009e7c                strCat_n_to_m
 .text          0x08009eec        0xc object/kmain.o
                0x08009eec                kmain
 .text          0x08009ef8       0xe8 object/stm32_startup.o
                0x08009ef8                Reset_Handler
                0x08009fb0                RTC_WKUP_Handler
                0x08009fb0                FLASH_Handler
                0x08009fb0                DMA2_Stream7_Handler
                0x08009fb0                OTG_HS_Handler
                0x08009fb0                DMA2_Stream3_Handler
                0x08009fb0                USART3_Handler
                0x08009fb0                PendSV_Handler
                0x08009fb0                NMI_Handler
                0x08009fb0                SAI1_Handler
                0x08009fb0                TIM6_DAC_Handler
                0x08009fb0                CAN1_RX1_Handler
                0x08009fb0                EXTI15_10_Handler
                0x08009fb0                ADC_Handler
                0x08009fb0                I2C1_EV_Handler
                0x08009fb0                TAMP_STAMP_Handler
                0x08009fb0                I2C3_ER_Handler
                0x08009fb0                WWDG_Handler
                0x08009fb0                EXTI4_Handler
                0x08009fb0                I2C3_EV_Handler
                0x08009fb0                DMA1_Stream1_Handler
                0x08009fb0                DMA2_Stream4_Handler
                0x08009fb0                DMA1_Stream7_Handler
                0x08009fb0                OTG_FS_Handler
                0x08009fb0                TIM1_BRK_TIM9_Handler
                0x08009fb0                I2C1_ER_Handler
                0x08009fb0                DMA1_Stream3_Handler
                0x08009fb0                UsageFault_Handler
                0x08009fb0                TIM1_UP_TIM10_Handler
                0x08009fb0                CAN1_RX0_Handler
                0x08009fb0                TIM1_CC_Handler
                0x08009fb0                I2C2_ER_Handler
                0x08009fb0                TIM8_CC_Handler
                0x08009fb0                HDMI_CEC_Handler
                0x08009fb0                SAI2_Handler
                0x08009fb0                CAN1_SCE_Handler
                0x08009fb0                DMA1_Stream0_Handler
                0x08009fb0                OTG_HS_EP1_OUT_Handler
                0x08009fb0                EXTI1_Handler
                0x08009fb0                FMC_Handler
                0x08009fb0                EXTI3_Handler
                0x08009fb0                EXTI2_Handler
                0x08009fb0                UART4_Handler
                0x08009fb0                CAN2_RX1_Handler
                0x08009fb0                EXTI9_5_Handler
                0x08009fb0                USART1_Handler
                0x08009fb0                CAN2_SCE_Handler
                0x08009fb0                TIM3_Handler
                0x08009fb0                DMA2_Stream6_Handler
                0x08009fb0                Default_Handler
                0x08009fb0                DCMI_Handler
                0x08009fb0                TIM1_TRG_COM_TIM11_Handler
                0x08009fb0                RTC_Alarm_Handler
                0x08009fb0                TIM4_Handler
                0x08009fb0                TIM8_UP_TIM13_Handler
                0x08009fb0                CAN2_TX_Handler
                0x08009fb0                SPI2_Handler
                0x08009fb0                DMA2_Stream1_Handler
                0x08009fb0                DMA1_Stream2_Handler
                0x08009fb0                EXTI0_Handler
                0x08009fb0                TIM8_BRK_TIM12_Handler
                0x08009fb0                CAN2_RX0_Handler
                0x08009fb0                DMA2_Stream5_Handler
                0x08009fb0                DMA1_Stream6_Handler
                0x08009fb0                SDIO_Handler
                0x08009fb0                FMPI2C1_ERR_Handler
                0x08009fb0                SPI1_Handler
                0x08009fb0                I2C2_EV_Handler
                0x08009fb0                SPDIF_Rx_Handler
                0x08009fb0                DMA2_Stream2_Handler
                0x08009fb0                SPI3_Handler
                0x08009fb0                DMA2_Stream0_Handler
                0x08009fb0                RCC_Handler
                0x08009fb0                PVD_Handler
                0x08009fb0                UART5_Handler
                0x08009fb0                DMA1_Stream5_Handler
                0x08009fb0                TIM5_Handler
                0x08009fb0                QuadSPI_Handler
                0x08009fb0                TIM7_Handler
                0x08009fb0                TIM8_TRG_COM_TIM14_Handler
                0x08009fb0                CAN1_TX_Handler
                0x08009fb0                FPU_Handler
                0x08009fb0                FMPI2C1_Handler
                0x08009fb0                DMA1_Stream4_Handler
                0x08009fb0                DebugMonitor_Handler
                0x08009fb0                OTG_HS_WKUP_Handler
                0x08009fb0                OTG_FS_WKUP_Handler
                0x08009fb0                SPI4_Handler
                0x08009fb0                OTG_HS_EP1_IN_Handler
                0x08009fb8                HardFault_Handler
                0x08009fc0                MemManage_Handler
                0x08009fc8                BusFault_Handler
                0x08009fd0                SVCall_Handler
 .text          0x08009fe0      0x308 object/sys_clock.o
                0x08009fe0                __init_sys_clock
                0x0800a0ac                __APB1CLK_FREQ
                0x0800a128                __APB2CLK_FREQ
                0x0800a1a4                __PLL_SYS_CLK
                0x0800a23c                __AHB_CLK
 .text          0x0800a2e8      0x584 object/sys_usart.o
                0x0800a398                UART_Init
                0x0800a432                UART_DeInit
                0x0800a4a0                UART_BRR_SAMPLING16
                0x0800a634                UART_MspInit
 .text          0x0800a86c      0x5bc object/sys_gpio.o
                0x0800a86c                GPIO_WritePin
                0x0800a89e                GPIO_Init
                0x0800aba4                GPIO_DeInit
                0x0800ad8c                SPI_GPIOInit
 .text          0x0800ae28      0x34c object/kstdio.o
                0x0800ae28                kprintf
                0x0800afbc                putstr
                0x0800b008                kscanf
 .text          0x0800b174      0x11c object/sys_init.o
                0x0800b1bc                __sys_init
                0x0800b270                SYS_ROUTINE
                0x0800b27c                display_group_info
 .text          0x0800b290        0x0 object/unistd.o
 .text          0x0800b290        0x0 object/times.o
 .text          0x0800b290      0x1b8 object/serial_lin.o
                0x0800b290                SerialLin2_init
                0x0800b328                SerialLin6_init
                0x0800b3c0                USART2_Handler
                0x0800b3d4                USART6_Handler
                0x0800b3e8                noIntWrite
                0x0800b418                noIntSendString
 .text          0x0800b448      0xb7c object/UsartRingBuffer.o
                0x0800b448                Ringbuf_init
                0x0800b4e2                Look_for
                0x0800b582                GetDataFromBuffer
                0x0800b6c2                Uart_flush
                0x0800b6fe                Uart_peek
                0x0800b778                Uart_read
                0x0800b818                Uart_write
                0x0800b8d0                IsDataAvailable
                0x0800b954                Get_after
                0x0800b9b2                Uart_sendstring
                0x0800b9e0                Uart_printbase
                0x0800ba78                Copy_upto
                0x0800bb78                Wait_for
                0x0800bc64                look_for_frame
                0x0800bdca                Uart_isr
                0x0800bed8                update_tail
                0x0800bf3e                debug_buffer
 .text          0x0800bfc4      0x110 object/debug.o
                0x0800bfc4                __debugRamUsage
                0x0800c010                __digitalWriteDebugButton
                0x0800c06c                __digitalReadDebugButton
                0x0800c09c                __alalogReadDebug
                0x0800c0b4                __analogWriteDebug
 .text          0x0800c0d4      0x228 object/timer.o
                0x0800c110                ConfigTimer2ForSystem
                0x0800c18c                Delay_micro_second
                0x0800c220                Delay
                0x0800c24e                getMiliseconds
                0x0800c290                getMicroseconds
                0x0800c2c0                TIM2_Handler
 .text          0x0800c2fc       0x14 object/sys_err.o
                0x0800c2fc                Error_Handler
 .text          0x0800c310      0x364 object/sys_rtc.o
                0x0800c310                SYS_RTC_init
                0x0800c5b8                get_timeofDay
 *(.rodata)
 .rodata        0x0800c674       0x64 object/mcu_info.o
 .rodata        0x0800c6d8        0x6 object/kstring.o
 *fill*         0x0800c6de        0x2 
 .rodata        0x0800c6e0        0x4 object/stm32_startup.o
                0x0800c6e0                STACK_START
 .rodata        0x0800c6e4       0x18 object/sys_clock.o
                0x0800c6e4                AHBPrescTable
                0x0800c6f4                APBPrescTable
 .rodata        0x0800c6fc      0x134 object/sys_init.o
                0x0800c830                        . = ALIGN (0x4)
                0x0800c830                        _etext = .
                0x0800c830                        _la_data = LOADADDR (.data)

.glue_7         0x0800c830        0x0
 .glue_7        0x0800c830        0x0 linker stubs

.glue_7t        0x0800c830        0x0
 .glue_7t       0x0800c830        0x0 linker stubs

.vfp11_veneer   0x0800c830        0x0
 .vfp11_veneer  0x0800c830        0x0 linker stubs

.v4_bx          0x0800c830        0x0
 .v4_bx         0x0800c830        0x0 linker stubs

.iplt           0x0800c830        0x0
 .iplt          0x0800c830        0x0 object/kfloat.o

.rel.dyn        0x0800c830        0x0
 .rel.iplt      0x0800c830        0x0 object/kfloat.o

.data           0x20000000       0x6c load address 0x0800c830
                0x20000000                        _sdata = .
 *(.data)
 .data          0x20000000        0x0 object/kmath.o
 .data          0x20000000        0x0 object/kfloat.o
 .data          0x20000000        0x0 object/cm4.o
 .data          0x20000000        0x0 object/mcu_info.o
 .data          0x20000000       0x61 object/kstring.o
 .data          0x20000061        0x0 object/kmain.o
 .data          0x20000061        0x0 object/stm32_startup.o
 .data          0x20000061        0x0 object/sys_clock.o
 .data          0x20000061        0x0 object/sys_usart.o
 .data          0x20000061        0x0 object/sys_gpio.o
 .data          0x20000061        0x0 object/kstdio.o
 .data          0x20000061        0x0 object/sys_init.o
 .data          0x20000061        0x0 object/unistd.o
 .data          0x20000061        0x0 object/times.o
 *fill*         0x20000061        0x3 
 .data          0x20000064        0x8 object/serial_lin.o
                0x20000064                errObj
 .data          0x2000006c        0x0 object/UsartRingBuffer.o
 .data          0x2000006c        0x0 object/debug.o
 .data          0x2000006c        0x0 object/timer.o
 .data          0x2000006c        0x0 object/sys_err.o
 .data          0x2000006c        0x0 object/sys_rtc.o
                0x2000006c                        . = ALIGN (0x4)
                0x2000006c                        _edata = .

.igot.plt       0x2000006c        0x0 load address 0x0800c89c
 .igot.plt      0x2000006c        0x0 object/kfloat.o

.bss            0x2000006c      0x905 load address 0x0800c89c
                0x2000006c                        _sbss = .
 *(.bss)
 .bss           0x2000006c        0x0 object/kmath.o
 .bss           0x2000006c        0x0 object/kfloat.o
 .bss           0x2000006c       0x10 object/cm4.o
 .bss           0x2000007c       0x14 object/mcu_info.o
 .bss           0x20000090       0x32 object/kstring.o
 .bss           0x200000c2        0x0 object/kmain.o
 *fill*         0x200000c2        0x2 
 .bss           0x200000c4        0xc object/stm32_startup.o
                0x200000c4                _bss_size
                0x200000c8                _data_size
                0x200000cc                _text_size
 .bss           0x200000d0        0x0 object/sys_clock.o
 .bss           0x200000d0        0x0 object/sys_usart.o
 .bss           0x200000d0        0x0 object/sys_gpio.o
 .bss           0x200000d0        0x0 object/kstdio.o
 .bss           0x200000d0        0x0 object/sys_init.o
 .bss           0x200000d0        0x0 object/unistd.o
 .bss           0x200000d0        0x0 object/times.o
 .bss           0x200000d0      0x890 object/serial_lin.o
                0x200000d0                huart2
                0x20000518                huart6
 .bss           0x20000960        0x0 object/UsartRingBuffer.o
 .bss           0x20000960        0xc object/debug.o
                0x20000964                CURRENT_MSP
                0x20000968                DEBUG_BUTTON
                0x2000096a                DEBUG_ANALOG_IO
 .bss           0x2000096c        0x5 object/timer.o
 .bss           0x20000971        0x0 object/sys_err.o
 .bss           0x20000971        0x0 object/sys_rtc.o
                0x20000971                        _ebss = .
OUTPUT(build/final.elf elf32-littlearm)
LOAD linker stubs

.comment        0x00000000       0x26
 .comment       0x00000000       0x26 object/kmath.o
                                 0x27 (size before relaxing)
 .comment       0x00000026       0x27 object/kfloat.o
 .comment       0x00000026       0x27 object/cm4.o
 .comment       0x00000026       0x27 object/mcu_info.o
 .comment       0x00000026       0x27 object/kstring.o
 .comment       0x00000026       0x27 object/kmain.o
 .comment       0x00000026       0x27 object/stm32_startup.o
 .comment       0x00000026       0x27 object/sys_clock.o
 .comment       0x00000026       0x27 object/sys_usart.o
 .comment       0x00000026       0x27 object/sys_gpio.o
 .comment       0x00000026       0x27 object/kstdio.o
 .comment       0x00000026       0x27 object/sys_init.o
 .comment       0x00000026       0x27 object/unistd.o
 .comment       0x00000026       0x27 object/times.o
 .comment       0x00000026       0x27 object/serial_lin.o
 .comment       0x00000026       0x27 object/UsartRingBuffer.o
 .comment       0x00000026       0x27 object/debug.o
 .comment       0x00000026       0x27 object/timer.o
 .comment       0x00000026       0x27 object/sys_err.o
 .comment       0x00000026       0x27 object/sys_rtc.o

.ARM.attributes
                0x00000000       0x32
 .ARM.attributes
                0x00000000       0x32 object/kmath.o
 .ARM.attributes
                0x00000032       0x32 object/kfloat.o
 .ARM.attributes
                0x00000064       0x32 object/cm4.o
 .ARM.attributes
                0x00000096       0x32 object/mcu_info.o
 .ARM.attributes
                0x000000c8       0x32 object/kstring.o
 .ARM.attributes
                0x000000fa       0x32 object/kmain.o
 .ARM.attributes
                0x0000012c       0x32 object/stm32_startup.o
 .ARM.attributes
                0x0000015e       0x32 object/sys_clock.o
 .ARM.attributes
                0x00000190       0x32 object/sys_usart.o
 .ARM.attributes
                0x000001c2       0x32 object/sys_gpio.o
 .ARM.attributes
                0x000001f4       0x32 object/kstdio.o
 .ARM.attributes
                0x00000226       0x32 object/sys_init.o
 .ARM.attributes
                0x00000258       0x32 object/unistd.o
 .ARM.attributes
                0x0000028a       0x32 object/times.o
 .ARM.attributes
                0x000002bc       0x32 object/serial_lin.o
 .ARM.attributes
                0x000002ee       0x32 object/UsartRingBuffer.o
 .ARM.attributes
                0x00000320       0x32 object/debug.o
 .ARM.attributes
                0x00000352       0x32 object/timer.o
 .ARM.attributes
                0x00000384       0x32 object/sys_err.o
 .ARM.attributes
                0x000003b6       0x32 object/sys_rtc.o
