
There are no discarded input sections

Memory Configuration

Name             Origin             Length             Attributes
FLASH            0x08000000         0x00080000         xr
SRAM             0x20000000         0x00020000         xrw
*default*        0x00000000         0xffffffff

Linker script and memory map

LOAD object/kmath.o
LOAD object/kfloat.o
LOAD object/cm4.o
LOAD object/mcu_info.o
LOAD object/kstring.o
LOAD object/kmain.o
LOAD object/stm32_startup.o
LOAD object/sys_clock.o
LOAD object/sys_usart.o
LOAD object/sys_gpio.o
LOAD object/kstdio.o
LOAD object/sys_init.o
LOAD object/unistd.o
LOAD object/times.o
LOAD object/syscall.o
LOAD object/serial_lin.o
LOAD object/UsartRingBuffer.o
LOAD object/debug.o
LOAD object/timer.o
LOAD object/sys_err.o
LOAD object/userProgram.o
LOAD object/sys_rtc.o

.text           0x08000000     0x57c0
                0x08000000                        _stext = .
 *(.isr_vector)
 .isr_vector    0x08000000      0x1c4 object/stm32_startup.o
                0x08000000                NVIC_VECTOR
 *(.text)
 .text          0x080001c4       0x4e object/kmath.o
                0x080001c4                __pow
 *fill*         0x08000212        0x2 
 .text          0x08000214      0xed4 object/kfloat.o
                0x08000214                __aeabi_f2d
                0x080002da                __aeabi_d2f
                0x08000362                __aeabi_d2iz
                0x080003f2                __aeabi_d2i
                0x08000482                get_decimal_part
                0x0800056c                __aeabi_ui2d
                0x080005ec                __aeabi_d2uiz
                0x08000662                __aeabi_dsub
                0x08000922                __aeabi_dmul
                0x08000ad4                __aeabi_dadd
                0x08000d82                __aeabi_d2ulz
                0x08000e00                __aeabi_ddiv
                0x080010a8                __aeabi_dcmpeq
 .text          0x080010e8      0x348 object/cm4.o
                0x08001154                __SysTick_init
                0x080011d8                SysTickIntDisable
                0x080011f8                SysTickIntEnable
                0x08001218                __SysTick_enable
                0x08001244                __sysTick_disable
                0x08001270                __getSysTickCount
                0x08001288                __updateSysTick
                0x080012e0                __getTime
                0x08001314                __get__Second
                0x0800132c                __get__Minute
                0x08001344                __get__Hour
                0x0800135c                SysTick_Handler
                0x08001390                __enable_fpu
                0x080013b4                ms_delay
                0x080013de                getmsTick
                0x080013ec                wait_until
                0x0800141e                SYS_SLEEP_WFI
 .text          0x08001430      0x1a8 object/mcu_info.o
                0x08001430                show_system_info
                0x080014dc                store_product_id
                0x080015c4                get_product_id
 .text          0x080015d8      0x914 object/kstring.o
                0x080015d8                __str_to_num
                0x080016ba                __reverse_str
                0x08001718                __strlen
                0x08001746                convert
                0x080017c4                convertu32
                0x0800181c                float2str
                0x080018e8                str2float
                0x080019ea                kmemset
                0x08001a36                StrCat
                0x08001a80                strcopy
                0x08001aba                clear_str
                0x08001af8                strncopy
                0x08001b4a                strn4mcopy
                0x08001b98                byte_to_hex
                0x08001c0c                show_byte_hex_str
                0x08001c4c                show_byte_stream_hex
                0x08001c8c                strcomp
                0x08001cdc                strncopy_cmd
                0x08001d2a                uint16_to_str
                0x08001e7c                strCat_n_to_m
 .text          0x08001eec       0x46 object/kmain.o
                0x08001eec                unprivileged_mode
                0x08001f00                PSP_Init
                0x08001f1a                kmain
 *fill*         0x08001f32        0x2 
 .text          0x08001f34       0xfc object/stm32_startup.o
                0x08001f34                Reset_Handler
                0x08001ff8                RTC_WKUP_Handler
                0x08001ff8                FLASH_Handler
                0x08001ff8                DMA2_Stream7_Handler
                0x08001ff8                OTG_HS_Handler
                0x08001ff8                DMA2_Stream3_Handler
                0x08001ff8                USART3_Handler
                0x08001ff8                PendSV_Handler
                0x08001ff8                NMI_Handler
                0x08001ff8                SAI1_Handler
                0x08001ff8                TIM6_DAC_Handler
                0x08001ff8                CAN1_RX1_Handler
                0x08001ff8                EXTI15_10_Handler
                0x08001ff8                ADC_Handler
                0x08001ff8                I2C1_EV_Handler
                0x08001ff8                TAMP_STAMP_Handler
                0x08001ff8                I2C3_ER_Handler
                0x08001ff8                WWDG_Handler
                0x08001ff8                EXTI4_Handler
                0x08001ff8                I2C3_EV_Handler
                0x08001ff8                DMA1_Stream1_Handler
                0x08001ff8                DMA2_Stream4_Handler
                0x08001ff8                DMA1_Stream7_Handler
                0x08001ff8                OTG_FS_Handler
                0x08001ff8                TIM1_BRK_TIM9_Handler
                0x08001ff8                I2C1_ER_Handler
                0x08001ff8                DMA1_Stream3_Handler
                0x08001ff8                UsageFault_Handler
                0x08001ff8                TIM1_UP_TIM10_Handler
                0x08001ff8                CAN1_RX0_Handler
                0x08001ff8                TIM1_CC_Handler
                0x08001ff8                I2C2_ER_Handler
                0x08001ff8                TIM8_CC_Handler
                0x08001ff8                HDMI_CEC_Handler
                0x08001ff8                SAI2_Handler
                0x08001ff8                CAN1_SCE_Handler
                0x08001ff8                DMA1_Stream0_Handler
                0x08001ff8                OTG_HS_EP1_OUT_Handler
                0x08001ff8                EXTI1_Handler
                0x08001ff8                FMC_Handler
                0x08001ff8                EXTI3_Handler
                0x08001ff8                EXTI2_Handler
                0x08001ff8                UART4_Handler
                0x08001ff8                CAN2_RX1_Handler
                0x08001ff8                EXTI9_5_Handler
                0x08001ff8                USART1_Handler
                0x08001ff8                CAN2_SCE_Handler
                0x08001ff8                TIM3_Handler
                0x08001ff8                DMA2_Stream6_Handler
                0x08001ff8                Default_Handler
                0x08001ff8                DCMI_Handler
                0x08001ff8                TIM1_TRG_COM_TIM11_Handler
                0x08001ff8                RTC_Alarm_Handler
                0x08001ff8                TIM4_Handler
                0x08001ff8                TIM8_UP_TIM13_Handler
                0x08001ff8                CAN2_TX_Handler
                0x08001ff8                SPI2_Handler
                0x08001ff8                DMA2_Stream1_Handler
                0x08001ff8                DMA1_Stream2_Handler
                0x08001ff8                EXTI0_Handler
                0x08001ff8                TIM8_BRK_TIM12_Handler
                0x08001ff8                CAN2_RX0_Handler
                0x08001ff8                DMA2_Stream5_Handler
                0x08001ff8                DMA1_Stream6_Handler
                0x08001ff8                SDIO_Handler
                0x08001ff8                FMPI2C1_ERR_Handler
                0x08001ff8                SPI1_Handler
                0x08001ff8                I2C2_EV_Handler
                0x08001ff8                SPDIF_Rx_Handler
                0x08001ff8                DMA2_Stream2_Handler
                0x08001ff8                SPI3_Handler
                0x08001ff8                DMA2_Stream0_Handler
                0x08001ff8                RCC_Handler
                0x08001ff8                PVD_Handler
                0x08001ff8                UART5_Handler
                0x08001ff8                DMA1_Stream5_Handler
                0x08001ff8                TIM5_Handler
                0x08001ff8                QuadSPI_Handler
                0x08001ff8                TIM7_Handler
                0x08001ff8                TIM8_TRG_COM_TIM14_Handler
                0x08001ff8                CAN1_TX_Handler
                0x08001ff8                FPU_Handler
                0x08001ff8                FMPI2C1_Handler
                0x08001ff8                DMA1_Stream4_Handler
                0x08001ff8                DebugMonitor_Handler
                0x08001ff8                OTG_HS_WKUP_Handler
                0x08001ff8                OTG_FS_WKUP_Handler
                0x08001ff8                SPI4_Handler
                0x08001ff8                OTG_HS_EP1_IN_Handler
                0x08002000                HardFault_Handler
                0x08002008                MemManage_Handler
                0x08002010                BusFault_Handler
                0x08002018                SVCall_Handler
 .text          0x08002030      0x308 object/sys_clock.o
                0x08002030                __init_sys_clock
                0x080020fc                __APB1CLK_FREQ
                0x08002178                __APB2CLK_FREQ
                0x080021f4                __PLL_SYS_CLK
                0x0800228c                __AHB_CLK
 .text          0x08002338      0x584 object/sys_usart.o
                0x080023e8                UART_Init
                0x08002482                UART_DeInit
                0x080024f0                UART_BRR_SAMPLING16
                0x08002684                UART_MspInit
 .text          0x080028bc      0x5bc object/sys_gpio.o
                0x080028bc                GPIO_WritePin
                0x080028ee                GPIO_Init
                0x08002bf4                GPIO_DeInit
                0x08002ddc                SPI_GPIOInit
 .text          0x08002e78      0x34c object/kstdio.o
                0x08002e78                kprintf
                0x0800300c                putstr
                0x08003058                kscanf
 .text          0x080031c4       0xc0 object/sys_init.o
                0x0800320c                __sys_init
                0x08003264                SYS_ROUTINE
                0x08003270                display_group_info
 .text          0x08003284        0x0 object/unistd.o
 .text          0x08003284        0x0 object/times.o
 .text          0x08003284      0xa94 object/syscall.o
                0x08003284                scheduler_add_task
                0x080032d0                load_executable
                0x080032f0                setup_stack
                0x08003340                jump_to_entry_point
                0x08003360                sys_execv
                0x080033f4                __init_dev_table
                0x08003584                __sys_open
                0x0800360c                __sys_close
                0x080036ec                __sys_reboot
                0x08003708                __sys_getpid
                0x08003726                __sys_get_time
                0x08003740                task1
                0x08003758                task2
                0x08003770                init_heap
                0x080037bc                sys_malloc
                0x08003864                sys_free
                0x08003928                sys_fork
                0x080039fc                create_tasks
                0x08003a66                syscall
 .text          0x08003d18      0x1b8 object/serial_lin.o
                0x08003d18                SerialLin2_init
                0x08003db0                SerialLin6_init
                0x08003e48                USART2_Handler
                0x08003e5c                USART6_Handler
                0x08003e70                noIntWrite
                0x08003ea0                noIntSendString
 .text          0x08003ed0      0xb7c object/UsartRingBuffer.o
                0x08003ed0                Ringbuf_init
                0x08003f6a                Look_for
                0x0800400a                GetDataFromBuffer
                0x0800414a                Uart_flush
                0x08004186                Uart_peek
                0x08004200                Uart_read
                0x080042a0                Uart_write
                0x08004358                IsDataAvailable
                0x080043dc                Get_after
                0x0800443a                Uart_sendstring
                0x08004468                Uart_printbase
                0x08004500                Copy_upto
                0x08004600                Wait_for
                0x080046ec                look_for_frame
                0x08004852                Uart_isr
                0x08004960                update_tail
                0x080049c6                debug_buffer
 .text          0x08004a4c      0x110 object/debug.o
                0x08004a4c                __debugRamUsage
                0x08004a98                __digitalWriteDebugButton
                0x08004af4                __digitalReadDebugButton
                0x08004b24                __alalogReadDebug
                0x08004b3c                __analogWriteDebug
 .text          0x08004b5c      0x228 object/timer.o
                0x08004b98                ConfigTimer2ForSystem
                0x08004c14                Delay_micro_second
                0x08004ca8                Delay
                0x08004cd6                getMiliseconds
                0x08004d18                getMicroseconds
                0x08004d48                TIM2_Handler
 .text          0x08004d84       0x14 object/sys_err.o
                0x08004d84                Error_Handler
 .text          0x08004d98      0x274 object/userProgram.o
                0x08004d98                kopen
                0x08004dc4                kclose
                0x08004de4                kread
                0x08004e10                kwrite
                0x08004e3c                kyield
                0x08004e4c                kexit
                0x08004e5c                kgetpid
                0x08004e76                kgettime
                0x08004e90                kmalloc
                0x08004eb8                kfree
                0x08004ed2                kfork
                0x08004eec                kexecv
                0x08004f12                userProgram
 .text          0x0800500c      0x364 object/sys_rtc.o
                0x0800500c                SYS_RTC_init
                0x080052b4                get_timeofDay
 *(.rodata)
 .rodata        0x08005370       0x64 object/mcu_info.o
 .rodata        0x080053d4        0x6 object/kstring.o
 *fill*         0x080053da        0x2 
 .rodata        0x080053dc        0x4 object/stm32_startup.o
                0x080053dc                STACK_START
 .rodata        0x080053e0       0x18 object/sys_clock.o
                0x080053e0                AHBPrescTable
                0x080053f0                APBPrescTable
 .rodata        0x080053f8       0x39 object/sys_init.o
 *fill*         0x08005431        0x3 
 .rodata        0x08005434      0x254 object/syscall.o
 .rodata        0x08005688      0x136 object/userProgram.o
                0x080057c0                        . = ALIGN (0x4)
 *fill*         0x080057be        0x2 
                0x080057c0                        _etext = .
                0x080057c0                        _la_data = LOADADDR (.data)

.glue_7         0x080057c0        0x0
 .glue_7        0x080057c0        0x0 linker stubs

.glue_7t        0x080057c0        0x0
 .glue_7t       0x080057c0        0x0 linker stubs

.vfp11_veneer   0x080057c0        0x0
 .vfp11_veneer  0x080057c0        0x0 linker stubs

.v4_bx          0x080057c0        0x0
 .v4_bx         0x080057c0        0x0 linker stubs

.iplt           0x080057c0        0x0
 .iplt          0x080057c0        0x0 object/kfloat.o

.rel.dyn        0x080057c0        0x0
 .rel.iplt      0x080057c0        0x0 object/kfloat.o

.data           0x20000000       0x90 load address 0x080057c0
                0x20000000                        _sdata = .
 *(.data)
 .data          0x20000000        0x0 object/kmath.o
 .data          0x20000000        0x2 object/kfloat.o
 .data          0x20000002        0x2 object/cm4.o
 .data          0x20000004        0x2 object/mcu_info.o
 *fill*         0x20000006        0x2 
 .data          0x20000008       0x65 object/kstring.o
 *fill*         0x2000006d        0x1 
 .data          0x2000006e        0x2 object/kmain.o
 .data          0x20000070        0x2 object/stm32_startup.o
 .data          0x20000072        0x0 object/sys_clock.o
 .data          0x20000072        0x2 object/sys_usart.o
 .data          0x20000074        0x2 object/sys_gpio.o
 .data          0x20000076        0x2 object/kstdio.o
 .data          0x20000078        0x2 object/sys_init.o
 .data          0x2000007a        0x0 object/unistd.o
 .data          0x2000007a        0x0 object/times.o
 .data          0x2000007a        0x2 object/syscall.o
 .data          0x2000007c        0xc object/serial_lin.o
                0x20000080                errObj
 .data          0x20000088        0x2 object/UsartRingBuffer.o
 .data          0x2000008a        0x0 object/debug.o
 .data          0x2000008a        0x2 object/timer.o
 .data          0x2000008c        0x2 object/sys_err.o
 .data          0x2000008e        0x2 object/userProgram.o
 .data          0x20000090        0x0 object/sys_rtc.o
                0x20000090                        . = ALIGN (0x4)
                0x20000090                        _edata = .

.igot.plt       0x20000090        0x0 load address 0x08005850
 .igot.plt      0x20000090        0x0 object/kfloat.o

.bss            0x20000090     0x1588 load address 0x08005850
                0x20000090                        _sbss = .
 *(.bss)
 .bss           0x20000090        0x0 object/kmath.o
 .bss           0x20000090        0x4 object/kfloat.o
 .bss           0x20000094       0x14 object/cm4.o
 .bss           0x200000a8       0x18 object/mcu_info.o
 .bss           0x200000c0       0x36 object/kstring.o
 *fill*         0x200000f6        0x2 
 .bss           0x200000f8        0x4 object/kmain.o
 .bss           0x200000fc        0x4 object/stm32_startup.o
 .bss           0x20000100        0x0 object/sys_clock.o
 .bss           0x20000100        0x4 object/sys_usart.o
 .bss           0x20000104        0x4 object/sys_gpio.o
 .bss           0x20000108        0x4 object/kstdio.o
 .bss           0x2000010c        0x4 object/sys_init.o
 .bss           0x20000110        0x0 object/unistd.o
 .bss           0x20000110        0x0 object/times.o
 .bss           0x20000110      0xc50 object/syscall.o
                0x20000114                device_list
                0x20000c14                device_count
                0x20000c18                READY_QUEUE
                0x20000d30                task_list
                0x20000d58                current_task_index
                0x20000d59                total_tasks
 .bss           0x20000d60      0x894 object/serial_lin.o
                0x20000d64                huart2
                0x200011ac                huart6
 .bss           0x200015f4        0x4 object/UsartRingBuffer.o
 .bss           0x200015f8        0xc object/debug.o
                0x200015fc                CURRENT_MSP
                0x20001600                DEBUG_BUTTON
                0x20001602                DEBUG_ANALOG_IO
 .bss           0x20001604        0x9 object/timer.o
 *fill*         0x2000160d        0x3 
 .bss           0x20001610        0x4 object/sys_err.o
 .bss           0x20001614        0x4 object/userProgram.o
 .bss           0x20001618        0x0 object/sys_rtc.o
                0x20001618                        _ebss = .

.heap           0x20001618     0x8000 load address 0x08005850
                0x20001618                        . = ALIGN (0x4)
                0x20001618                        _sheap = .
                0x20009618                        . = (. + 0x8000)
 *fill*         0x20001618     0x8000 
 *(.heap)
                0x20009618                        . = ALIGN (0x4)
                0x20009618                        _eheap = .
OUTPUT(build/final.elf elf32-littlearm)
LOAD linker stubs

.comment        0x00000000       0x26
 .comment       0x00000000       0x26 object/kmath.o
                                 0x27 (size before relaxing)
 .comment       0x00000026       0x27 object/kfloat.o
 .comment       0x00000026       0x27 object/cm4.o
 .comment       0x00000026       0x27 object/mcu_info.o
 .comment       0x00000026       0x27 object/kstring.o
 .comment       0x00000026       0x27 object/kmain.o
 .comment       0x00000026       0x27 object/stm32_startup.o
 .comment       0x00000026       0x27 object/sys_clock.o
 .comment       0x00000026       0x27 object/sys_usart.o
 .comment       0x00000026       0x27 object/sys_gpio.o
 .comment       0x00000026       0x27 object/kstdio.o
 .comment       0x00000026       0x27 object/sys_init.o
 .comment       0x00000026       0x27 object/unistd.o
 .comment       0x00000026       0x27 object/times.o
 .comment       0x00000026       0x27 object/syscall.o
 .comment       0x00000026       0x27 object/serial_lin.o
 .comment       0x00000026       0x27 object/UsartRingBuffer.o
 .comment       0x00000026       0x27 object/debug.o
 .comment       0x00000026       0x27 object/timer.o
 .comment       0x00000026       0x27 object/sys_err.o
 .comment       0x00000026       0x27 object/userProgram.o
 .comment       0x00000026       0x27 object/sys_rtc.o

.ARM.attributes
                0x00000000       0x32
 .ARM.attributes
                0x00000000       0x32 object/kmath.o
 .ARM.attributes
                0x00000032       0x32 object/kfloat.o
 .ARM.attributes
                0x00000064       0x32 object/cm4.o
 .ARM.attributes
                0x00000096       0x32 object/mcu_info.o
 .ARM.attributes
                0x000000c8       0x32 object/kstring.o
 .ARM.attributes
                0x000000fa       0x32 object/kmain.o
 .ARM.attributes
                0x0000012c       0x32 object/stm32_startup.o
 .ARM.attributes
                0x0000015e       0x32 object/sys_clock.o
 .ARM.attributes
                0x00000190       0x32 object/sys_usart.o
 .ARM.attributes
                0x000001c2       0x32 object/sys_gpio.o
 .ARM.attributes
                0x000001f4       0x32 object/kstdio.o
 .ARM.attributes
                0x00000226       0x32 object/sys_init.o
 .ARM.attributes
                0x00000258       0x32 object/unistd.o
 .ARM.attributes
                0x0000028a       0x32 object/times.o
 .ARM.attributes
                0x000002bc       0x32 object/syscall.o
 .ARM.attributes
                0x000002ee       0x32 object/serial_lin.o
 .ARM.attributes
                0x00000320       0x32 object/UsartRingBuffer.o
 .ARM.attributes
                0x00000352       0x32 object/debug.o
 .ARM.attributes
                0x00000384       0x32 object/timer.o
 .ARM.attributes
                0x000003b6       0x32 object/sys_err.o
 .ARM.attributes
                0x000003e8       0x32 object/userProgram.o
 .ARM.attributes
                0x0000041a       0x32 object/sys_rtc.o
